/home/liangliang/wk/boss/nuttx_va/vendor/boss/app/boss1-app/watch-ui/framework/test/test_bluedroid/test_osi/test_osi_fixed_queue.c:53:1:TEST_BT_OSI_FIXED_QUEUE_TEST_SETUP	32	static
/home/liangliang/wk/boss/nuttx_va/vendor/boss/app/boss1-app/watch-ui/framework/test/test_bluedroid/test_osi/test_osi_fixed_queue.c:61:1:TEST_BT_OSI_FIXED_QUEUE_TEST_fixed_queue_new_free_	32	static
/home/liangliang/wk/boss/nuttx_va/vendor/boss/app/boss1-app/watch-ui/framework/test/test_bluedroid/test_osi/test_osi_fixed_queue.c:114:1:TEST_BT_OSI_FIXED_QUEUE_TEST_fixed_queue_new_op2_free_	32	static
/home/liangliang/wk/boss/nuttx_va/vendor/boss/app/boss1-app/watch-ui/framework/test/test_bluedroid/test_osi/test_osi_fixed_queue.c:76:1:TEST_BT_OSI_FIXED_QUEUE_TEST_fixed_queue_new_op1_free_	32	static
/home/liangliang/wk/boss/nuttx_va/vendor/boss/app/boss1-app/watch-ui/framework/test/test_bluedroid/test_osi/test_osi_fixed_queue.c:43:13:test_fixed_queue_free_cb	32	static
/home/liangliang/wk/boss/nuttx_va/vendor/boss/app/boss1-app/watch-ui/framework/test/test_bluedroid/test_osi/test_osi_fixed_queue.c:22:13:test_fixed_queue_cb	32	static
/home/liangliang/wk/boss/nuttx_va/vendor/boss/app/boss1-app/watch-ui/framework/test/test_bluedroid/test_osi/test_osi_fixed_queue.c:148:1:TEST_BT_OSI_FIXED_QUEUE_TEST_fixed_queue_new_op3_free_	32	static
/home/liangliang/wk/boss/nuttx_va/vendor/boss/app/boss1-app/watch-ui/framework/test/test_bluedroid/test_osi/test_osi_fixed_queue.c:57:1:TEST_BT_OSI_FIXED_QUEUE_TEST_TEAR_DOWN	32	static
/home/liangliang/wk/boss/nuttx_va/vendor/boss/app/boss1-app/watch-ui/framework/test/test_bluedroid/test_osi/test_osi_fixed_queue.c:61:1:TEST_BT_OSI_FIXED_QUEUE_TEST_fixed_queue_new_free_run	48	static
/home/liangliang/wk/boss/nuttx_va/vendor/boss/app/boss1-app/watch-ui/framework/test/test_bluedroid/test_osi/test_osi_fixed_queue.c:76:1:TEST_BT_OSI_FIXED_QUEUE_TEST_fixed_queue_new_op1_free_run	48	static
/home/liangliang/wk/boss/nuttx_va/vendor/boss/app/boss1-app/watch-ui/framework/test/test_bluedroid/test_osi/test_osi_fixed_queue.c:114:1:TEST_BT_OSI_FIXED_QUEUE_TEST_fixed_queue_new_op2_free_run	48	static
/home/liangliang/wk/boss/nuttx_va/vendor/boss/app/boss1-app/watch-ui/framework/test/test_bluedroid/test_osi/test_osi_fixed_queue.c:148:1:TEST_BT_OSI_FIXED_QUEUE_TEST_fixed_queue_new_op3_free_run	48	static
/home/liangliang/wk/boss/nuttx_va/vendor/boss/app/boss1-app/watch-ui/framework/test/test_bluedroid/test_osi/test_osi_fixed_queue.c:169:1:TEST_BT_OSI_FIXED_QUEUE_TEST_GROUP_RUNNER	48	static
