/home/liangliang/wk/boss/nuttx_va/vendor/boss/app/boss1-app/watch-ui/framework/test/test_bluedroid/test_osi/test_osi_config.c:24:1:TEST_BT_OSI_CONFIG_TEST_SETUP	32	static
/home/liangliang/wk/boss/nuttx_va/vendor/boss/app/boss1-app/watch-ui/framework/test/test_bluedroid/test_osi/test_osi_config.c:32:1:TEST_BT_OSI_CONFIG_TEST_config_new_free_	32	static
/home/liangliang/wk/boss/nuttx_va/vendor/boss/app/boss1-app/watch-ui/framework/test/test_bluedroid/test_osi/test_osi_config.c:42:1:TEST_BT_OSI_CONFIG_TEST_config_new_has_empty_section_	32	static
/home/liangliang/wk/boss/nuttx_va/vendor/boss/app/boss1-app/watch-ui/framework/test/test_bluedroid/test_osi/test_osi_config.c:56:1:TEST_BT_OSI_CONFIG_TEST_config_new_has_empty_key_	32	static
/home/liangliang/wk/boss/nuttx_va/vendor/boss/app/boss1-app/watch-ui/framework/test/test_bluedroid/test_osi/test_osi_config.c:70:1:TEST_BT_OSI_CONFIG_TEST_config_new_has_empty_key_in_section1_	32	static
/home/liangliang/wk/boss/nuttx_va/vendor/boss/app/boss1-app/watch-ui/framework/test/test_bluedroid/test_osi/test_osi_config.c:84:1:TEST_BT_OSI_CONFIG_TEST_config_new_config_get_empty_int_	32	static
/home/liangliang/wk/boss/nuttx_va/vendor/boss/app/boss1-app/watch-ui/framework/test/test_bluedroid/test_osi/test_osi_config.c:98:1:TEST_BT_OSI_CONFIG_TEST_config_new_config_get_empty_bool_	32	static
/home/liangliang/wk/boss/nuttx_va/vendor/boss/app/boss1-app/watch-ui/framework/test/test_bluedroid/test_osi/test_osi_config.c:112:1:TEST_BT_OSI_CONFIG_TEST_config_new_config_get_empty_string_	32	static
/home/liangliang/wk/boss/nuttx_va/vendor/boss/app/boss1-app/watch-ui/framework/test/test_bluedroid/test_osi/test_osi_config.c:126:1:TEST_BT_OSI_CONFIG_TEST_config_new_config_set_int_get_	32	static
/home/liangliang/wk/boss/nuttx_va/vendor/boss/app/boss1-app/watch-ui/framework/test/test_bluedroid/test_osi/test_osi_config.c:142:1:TEST_BT_OSI_CONFIG_TEST_config_new_config_set_bool_get_	32	static
/home/liangliang/wk/boss/nuttx_va/vendor/boss/app/boss1-app/watch-ui/framework/test/test_bluedroid/test_osi/test_osi_config.c:158:1:TEST_BT_OSI_CONFIG_TEST_config_new_config_set_string_get_	32	static
/home/liangliang/wk/boss/nuttx_va/vendor/boss/app/boss1-app/watch-ui/framework/test/test_bluedroid/test_osi/test_osi_config.c:174:1:TEST_BT_OSI_CONFIG_TEST_config_new_config_set_remove_section_	32	static
/home/liangliang/wk/boss/nuttx_va/vendor/boss/app/boss1-app/watch-ui/framework/test/test_bluedroid/test_osi/test_osi_config.c:190:1:TEST_BT_OSI_CONFIG_TEST_config_new_config_set_update_newest_section1_	32	static
/home/liangliang/wk/boss/nuttx_va/vendor/boss/app/boss1-app/watch-ui/framework/test/test_bluedroid/test_osi/test_osi_config.c:206:1:TEST_BT_OSI_CONFIG_TEST_config_new_config_set_update_newest_section2_	32	static
/home/liangliang/wk/boss/nuttx_va/vendor/boss/app/boss1-app/watch-ui/framework/test/test_bluedroid/test_osi/test_osi_config.c:226:1:TEST_BT_OSI_CONFIG_TEST_config_new_config_set_remove_key_	32	static
/home/liangliang/wk/boss/nuttx_va/vendor/boss/app/boss1-app/watch-ui/framework/test/test_bluedroid/test_osi/test_osi_config.c:242:1:TEST_BT_OSI_CONFIG_TEST_config_new_config_section_begin_end_name_	32	static
/home/liangliang/wk/boss/nuttx_va/vendor/boss/app/boss1-app/watch-ui/framework/test/test_bluedroid/test_osi/test_osi_config.c:268:1:TEST_BT_OSI_CONFIG_TEST_config_new_config_save_	32	static
/home/liangliang/wk/boss/nuttx_va/vendor/boss/app/boss1-app/watch-ui/framework/test/test_bluedroid/test_osi/test_osi_config.c:285:1:TEST_BT_OSI_CONFIG_TEST_config_config_parse_	32	static
/home/liangliang/wk/boss/nuttx_va/vendor/boss/app/boss1-app/watch-ui/framework/test/test_bluedroid/test_osi/test_osi_config.c:28:1:TEST_BT_OSI_CONFIG_TEST_TEAR_DOWN	32	static
/home/liangliang/wk/boss/nuttx_va/vendor/boss/app/boss1-app/watch-ui/framework/test/test_bluedroid/test_osi/test_osi_config.c:32:1:TEST_BT_OSI_CONFIG_TEST_config_new_free_run	48	static
/home/liangliang/wk/boss/nuttx_va/vendor/boss/app/boss1-app/watch-ui/framework/test/test_bluedroid/test_osi/test_osi_config.c:42:1:TEST_BT_OSI_CONFIG_TEST_config_new_has_empty_section_run	48	static
/home/liangliang/wk/boss/nuttx_va/vendor/boss/app/boss1-app/watch-ui/framework/test/test_bluedroid/test_osi/test_osi_config.c:56:1:TEST_BT_OSI_CONFIG_TEST_config_new_has_empty_key_run	48	static
/home/liangliang/wk/boss/nuttx_va/vendor/boss/app/boss1-app/watch-ui/framework/test/test_bluedroid/test_osi/test_osi_config.c:70:1:TEST_BT_OSI_CONFIG_TEST_config_new_has_empty_key_in_section1_run	48	static
/home/liangliang/wk/boss/nuttx_va/vendor/boss/app/boss1-app/watch-ui/framework/test/test_bluedroid/test_osi/test_osi_config.c:84:1:TEST_BT_OSI_CONFIG_TEST_config_new_config_get_empty_int_run	48	static
/home/liangliang/wk/boss/nuttx_va/vendor/boss/app/boss1-app/watch-ui/framework/test/test_bluedroid/test_osi/test_osi_config.c:98:1:TEST_BT_OSI_CONFIG_TEST_config_new_config_get_empty_bool_run	48	static
/home/liangliang/wk/boss/nuttx_va/vendor/boss/app/boss1-app/watch-ui/framework/test/test_bluedroid/test_osi/test_osi_config.c:112:1:TEST_BT_OSI_CONFIG_TEST_config_new_config_get_empty_string_run	48	static
/home/liangliang/wk/boss/nuttx_va/vendor/boss/app/boss1-app/watch-ui/framework/test/test_bluedroid/test_osi/test_osi_config.c:126:1:TEST_BT_OSI_CONFIG_TEST_config_new_config_set_int_get_run	48	static
/home/liangliang/wk/boss/nuttx_va/vendor/boss/app/boss1-app/watch-ui/framework/test/test_bluedroid/test_osi/test_osi_config.c:142:1:TEST_BT_OSI_CONFIG_TEST_config_new_config_set_bool_get_run	48	static
/home/liangliang/wk/boss/nuttx_va/vendor/boss/app/boss1-app/watch-ui/framework/test/test_bluedroid/test_osi/test_osi_config.c:158:1:TEST_BT_OSI_CONFIG_TEST_config_new_config_set_string_get_run	48	static
/home/liangliang/wk/boss/nuttx_va/vendor/boss/app/boss1-app/watch-ui/framework/test/test_bluedroid/test_osi/test_osi_config.c:174:1:TEST_BT_OSI_CONFIG_TEST_config_new_config_set_remove_section_run	48	static
/home/liangliang/wk/boss/nuttx_va/vendor/boss/app/boss1-app/watch-ui/framework/test/test_bluedroid/test_osi/test_osi_config.c:190:1:TEST_BT_OSI_CONFIG_TEST_config_new_config_set_update_newest_section1_run	48	static
/home/liangliang/wk/boss/nuttx_va/vendor/boss/app/boss1-app/watch-ui/framework/test/test_bluedroid/test_osi/test_osi_config.c:206:1:TEST_BT_OSI_CONFIG_TEST_config_new_config_set_update_newest_section2_run	48	static
/home/liangliang/wk/boss/nuttx_va/vendor/boss/app/boss1-app/watch-ui/framework/test/test_bluedroid/test_osi/test_osi_config.c:226:1:TEST_BT_OSI_CONFIG_TEST_config_new_config_set_remove_key_run	48	static
/home/liangliang/wk/boss/nuttx_va/vendor/boss/app/boss1-app/watch-ui/framework/test/test_bluedroid/test_osi/test_osi_config.c:242:1:TEST_BT_OSI_CONFIG_TEST_config_new_config_section_begin_end_name_run	48	static
/home/liangliang/wk/boss/nuttx_va/vendor/boss/app/boss1-app/watch-ui/framework/test/test_bluedroid/test_osi/test_osi_config.c:268:1:TEST_BT_OSI_CONFIG_TEST_config_new_config_save_run	48	static
/home/liangliang/wk/boss/nuttx_va/vendor/boss/app/boss1-app/watch-ui/framework/test/test_bluedroid/test_osi/test_osi_config.c:285:1:TEST_BT_OSI_CONFIG_TEST_config_config_parse_run	48	static
/home/liangliang/wk/boss/nuttx_va/vendor/boss/app/boss1-app/watch-ui/framework/test/test_bluedroid/test_osi/test_osi_config.c:317:1:TEST_BT_OSI_CONFIG_TEST_GROUP_RUNNER	48	static
