/home/liangliang/wk/boss/nuttx_va/vendor/boss/app/boss1-app/watch-ui/framework/test/test_bluedroid/test_osi/test_osi_list.c:26:13:handle_cb	32	static
/home/liangliang/wk/boss/nuttx_va/vendor/boss/app/boss1-app/watch-ui/framework/test/test_bluedroid/test_osi/test_osi_list.c:38:1:TEST_BT_OSI_LIST_TEST_SETUP	32	static
/home/liangliang/wk/boss/nuttx_va/vendor/boss/app/boss1-app/watch-ui/framework/test/test_bluedroid/test_osi/test_osi_list.c:46:1:TEST_BT_OSI_LIST_TEST_osi_list_new_free_	32	static
/home/liangliang/wk/boss/nuttx_va/vendor/boss/app/boss1-app/watch-ui/framework/test/test_bluedroid/test_osi/test_osi_list.c:54:1:TEST_BT_OSI_LIST_TEST_osi_list_new_clear_free_	32	static
/home/liangliang/wk/boss/nuttx_va/vendor/boss/app/boss1-app/watch-ui/framework/test/test_bluedroid/test_osi/test_osi_list.c:18:13:os_free	32	static
/home/liangliang/wk/boss/nuttx_va/vendor/boss/app/boss1-app/watch-ui/framework/test/test_bluedroid/test_osi/test_osi_list.c:63:1:TEST_BT_OSI_LIST_TEST_osi_list_new_clear_empty_free_	32	static
/home/liangliang/wk/boss/nuttx_va/vendor/boss/app/boss1-app/watch-ui/framework/test/test_bluedroid/test_osi/test_osi_list.c:73:1:TEST_BT_OSI_LIST_TEST_osi_list_new_length_free_	32	static
/home/liangliang/wk/boss/nuttx_va/vendor/boss/app/boss1-app/watch-ui/framework/test/test_bluedroid/test_osi/test_osi_list.c:83:1:TEST_BT_OSI_LIST_TEST_osi_list_new_prepend_free_	32	static
/home/liangliang/wk/boss/nuttx_va/vendor/boss/app/boss1-app/watch-ui/framework/test/test_bluedroid/test_osi/test_osi_list.c:97:1:TEST_BT_OSI_LIST_TEST_osi_list_new_append_free_	32	static
/home/liangliang/wk/boss/nuttx_va/vendor/boss/app/boss1-app/watch-ui/framework/test/test_bluedroid/test_osi/test_osi_list.c:111:1:TEST_BT_OSI_LIST_TEST_osi_list_new_append_insert_free_	32	static
/home/liangliang/wk/boss/nuttx_va/vendor/boss/app/boss1-app/watch-ui/framework/test/test_bluedroid/test_osi/test_osi_list.c:130:1:TEST_BT_OSI_LIST_TEST_osi_list_new_contains_free1_	32	static
/home/liangliang/wk/boss/nuttx_va/vendor/boss/app/boss1-app/watch-ui/framework/test/test_bluedroid/test_osi/test_osi_list.c:142:1:TEST_BT_OSI_LIST_TEST_osi_list_new_contains_free2_	32	static
/home/liangliang/wk/boss/nuttx_va/vendor/boss/app/boss1-app/watch-ui/framework/test/test_bluedroid/test_osi/test_osi_list.c:157:1:TEST_BT_OSI_LIST_TEST_osi_list_new_front_back_free2_	32	static
/home/liangliang/wk/boss/nuttx_va/vendor/boss/app/boss1-app/watch-ui/framework/test/test_bluedroid/test_osi/test_osi_list.c:174:1:TEST_BT_OSI_LIST_TEST_osi_list_new_begin_back_node_free_	32	static
/home/liangliang/wk/boss/nuttx_va/vendor/boss/app/boss1-app/watch-ui/framework/test/test_bluedroid/test_osi/test_osi_list.c:191:1:TEST_BT_OSI_LIST_TEST_osi_list_new_remove_	32	static
/home/liangliang/wk/boss/nuttx_va/vendor/boss/app/boss1-app/watch-ui/framework/test/test_bluedroid/test_osi/test_osi_list.c:207:1:TEST_BT_OSI_LIST_TEST_osi_list_new_delete_	32	static
/home/liangliang/wk/boss/nuttx_va/vendor/boss/app/boss1-app/watch-ui/framework/test/test_bluedroid/test_osi/test_osi_list.c:225:1:TEST_BT_OSI_LIST_TEST_osi_list_new_delete_node_	32	static
/home/liangliang/wk/boss/nuttx_va/vendor/boss/app/boss1-app/watch-ui/framework/test/test_bluedroid/test_osi/test_osi_list.c:249:1:TEST_BT_OSI_LIST_TEST_osi_list_new_foreach_free_	32	static
/home/liangliang/wk/boss/nuttx_va/vendor/boss/app/boss1-app/watch-ui/framework/test/test_bluedroid/test_osi/test_osi_list.c:42:1:TEST_BT_OSI_LIST_TEST_TEAR_DOWN	32	static
/home/liangliang/wk/boss/nuttx_va/vendor/boss/app/boss1-app/watch-ui/framework/test/test_bluedroid/test_osi/test_osi_list.c:46:1:TEST_BT_OSI_LIST_TEST_osi_list_new_free_run	48	static
/home/liangliang/wk/boss/nuttx_va/vendor/boss/app/boss1-app/watch-ui/framework/test/test_bluedroid/test_osi/test_osi_list.c:54:1:TEST_BT_OSI_LIST_TEST_osi_list_new_clear_free_run	48	static
/home/liangliang/wk/boss/nuttx_va/vendor/boss/app/boss1-app/watch-ui/framework/test/test_bluedroid/test_osi/test_osi_list.c:63:1:TEST_BT_OSI_LIST_TEST_osi_list_new_clear_empty_free_run	48	static
/home/liangliang/wk/boss/nuttx_va/vendor/boss/app/boss1-app/watch-ui/framework/test/test_bluedroid/test_osi/test_osi_list.c:73:1:TEST_BT_OSI_LIST_TEST_osi_list_new_length_free_run	48	static
/home/liangliang/wk/boss/nuttx_va/vendor/boss/app/boss1-app/watch-ui/framework/test/test_bluedroid/test_osi/test_osi_list.c:83:1:TEST_BT_OSI_LIST_TEST_osi_list_new_prepend_free_run	48	static
/home/liangliang/wk/boss/nuttx_va/vendor/boss/app/boss1-app/watch-ui/framework/test/test_bluedroid/test_osi/test_osi_list.c:97:1:TEST_BT_OSI_LIST_TEST_osi_list_new_append_free_run	48	static
/home/liangliang/wk/boss/nuttx_va/vendor/boss/app/boss1-app/watch-ui/framework/test/test_bluedroid/test_osi/test_osi_list.c:111:1:TEST_BT_OSI_LIST_TEST_osi_list_new_append_insert_free_run	48	static
/home/liangliang/wk/boss/nuttx_va/vendor/boss/app/boss1-app/watch-ui/framework/test/test_bluedroid/test_osi/test_osi_list.c:130:1:TEST_BT_OSI_LIST_TEST_osi_list_new_contains_free1_run	48	static
/home/liangliang/wk/boss/nuttx_va/vendor/boss/app/boss1-app/watch-ui/framework/test/test_bluedroid/test_osi/test_osi_list.c:142:1:TEST_BT_OSI_LIST_TEST_osi_list_new_contains_free2_run	48	static
/home/liangliang/wk/boss/nuttx_va/vendor/boss/app/boss1-app/watch-ui/framework/test/test_bluedroid/test_osi/test_osi_list.c:157:1:TEST_BT_OSI_LIST_TEST_osi_list_new_front_back_free2_run	48	static
/home/liangliang/wk/boss/nuttx_va/vendor/boss/app/boss1-app/watch-ui/framework/test/test_bluedroid/test_osi/test_osi_list.c:174:1:TEST_BT_OSI_LIST_TEST_osi_list_new_begin_back_node_free_run	48	static
/home/liangliang/wk/boss/nuttx_va/vendor/boss/app/boss1-app/watch-ui/framework/test/test_bluedroid/test_osi/test_osi_list.c:191:1:TEST_BT_OSI_LIST_TEST_osi_list_new_remove_run	48	static
/home/liangliang/wk/boss/nuttx_va/vendor/boss/app/boss1-app/watch-ui/framework/test/test_bluedroid/test_osi/test_osi_list.c:207:1:TEST_BT_OSI_LIST_TEST_osi_list_new_delete_run	48	static
/home/liangliang/wk/boss/nuttx_va/vendor/boss/app/boss1-app/watch-ui/framework/test/test_bluedroid/test_osi/test_osi_list.c:225:1:TEST_BT_OSI_LIST_TEST_osi_list_new_delete_node_run	48	static
/home/liangliang/wk/boss/nuttx_va/vendor/boss/app/boss1-app/watch-ui/framework/test/test_bluedroid/test_osi/test_osi_list.c:249:1:TEST_BT_OSI_LIST_TEST_osi_list_new_foreach_free_run	48	static
/home/liangliang/wk/boss/nuttx_va/vendor/boss/app/boss1-app/watch-ui/framework/test/test_bluedroid/test_osi/test_osi_list.c:274:1:TEST_BT_OSI_LIST_TEST_GROUP_RUNNER	48	static
